// Jest Snapshot v1, https://goo.gl/fbAQLP

exports[`App should render correctly 1`] = `
<div
  className="App"
>
  <WithStyles(Grid)
    container={true}
  >
    <WithStyles(Grid)
      item={true}
      xs={12}
    >
      <header
        className="App-header"
      >
        <img
          alt="logo"
          className="App-logo"
          src="logo.svg"
        />
        <WithStyles(Typography)
          color="primary"
          variant="display2"
        >
          React App
        </WithStyles(Typography)>
      </header>
      <WithStyles(Typography)
        paragraph={true}
        variant="headline"
      >
        To get started, edit 
        <code>
          src/App.js
        </code>
         and save to hot-reload the page.
      </WithStyles(Typography)>
      <WithStyles(Typography)
        variant="subheading"
      >
        Counter implementation with recompose
      </WithStyles(Typography)>
      <withState(withHandlers(Counter)) />
      <WithStyles(Typography)
        variant="subheading"
      >
        Counter implementation with render props
      </WithStyles(Typography)>
      <Counter
        render={[Function]}
      />
      <Connect(lifecycle(PostsWrapper)) />
    </WithStyles(Grid)>
  </WithStyles(Grid)>
</div>
`;
