// Jest Snapshot v1, https://goo.gl/fbAQLP

exports[`CounterHOC should render passed component 1`] = `
<withState(withHandlers(Counter))>
  <withHandlers(Counter)
    setValue={[Function]}
    value={0}
  >
    <Counter
      dec={[Function]}
      inc={[Function]}
      setValue={[Function]}
      value={0}
    >
      <p>
        0
      </p>
      <button
        onClick={[Function]}
      >
        inc
      </button>
      <button
        onClick={[Function]}
      >
        dec
      </button>
    </Counter>
  </withHandlers(Counter)>
</withState(withHandlers(Counter))>
`;
